// Jest Snapshot v1, https://goo.gl/fbAQLP

exports[`<Main /> Test 001 - should render the main 1`] = `
.c1 {
  background-color: #06092b;
  color: white;
  width: 100%;
  height: 100%;
  display: -webkit-box;
  display: -webkit-flex;
  display: -ms-flexbox;
  display: flex;
  -webkit-align-items: center;
  -webkit-box-align: center;
  -ms-flex-align: center;
  align-items: center;
  -webkit-box-pack: center;
  -webkit-justify-content: center;
  -ms-flex-pack: center;
  justify-content: center;
  padding: 3rem;
}

.c1::after {
  content: '';
  position: absolute;
  background-color: rgba(0,0,0,0.85);
  left: 0;
  right: 0;
  bottom: 0;
  top: 0;
  z-index: 0;
}

.c4 {
  width: 100%;
  max-width: 550px;
  z-index: 1;
}

.c4 a:last-child {
  margin-left: 2rem;
}

.c6 {
  display: -webkit-box;
  display: -webkit-flex;
  display: -ms-flexbox;
  display: flex;
  -webkit-align-items: center;
  -webkit-box-align: center;
  -ms-flex-align: center;
  align-items: center;
}

.c2 {
  position: absolute;
  top: 0;
  left: 0;
  max-width: 100%;
  min-height: 100%;
}

.c7 {
  font-size: 4.2rem;
  line-height: 4.2rem;
  font-weight: 500;
  margin: 18px 8px 8px 0px;
  color: #fff;
  white-space: nowrap;
  position: relative;
}

.c8 {
  color: var(--main-color);
  font-size: 4.2rem;
  line-height: 4.2rem;
  font-weight: 500;
  margin: 18px 0 8px;
}

.c5 {
  font-size: 1.8rem;
  font-weight: 400;
}

.c9 {
  font-size: 1.6rem;
  margin: 12px 0 22px;
  line-height: 32px;
  font-weight: 400;
}

.c3 {
  width: min(30rem,320px);
  border-radius: 50%;
  border: 10px solid #ffffff1a;
  margin-right: 4rem;
  z-index: 1;
}

.c10 {
  background-color: #fa5b0f;
  color: #FFF;
  border: none;
  border-radius: 26px;
  height: 46px;
  line-height: 46px;
  font-size: 1.6rem;
  padding: 0 32px;
  display: -webkit-inline-box;
  display: -webkit-inline-flex;
  display: -ms-inline-flexbox;
  display: inline-flex;
}

.c10 span {
  display: -webkit-box;
  display: -webkit-flex;
  display: -ms-flexbox;
  display: flex;
  -webkit-align-items: center;
  -webkit-box-align: center;
  -ms-flex-align: center;
  align-items: center;
  -webkit-box-pack: center;
  -webkit-justify-content: center;
  -ms-flex-pack: center;
  justify-content: center;
}

.c10 span svg {
  font-size: 1.2rem;
  margin-right: 8px;
}

.c11 {
  background-color: transparent;
  color: #fa5b0f;
  border: 1px solid #fa5b0f;
  border-radius: 26px;
  height: 46px;
  line-height: 46px;
  font-size: 1.6rem;
  padding: 0 32px;
  display: -webkit-inline-box;
  display: -webkit-inline-flex;
  display: -ms-inline-flexbox;
  display: inline-flex;
}

.c11 span {
  display: -webkit-box;
  display: -webkit-flex;
  display: -ms-flexbox;
  display: flex;
  -webkit-align-items: center;
  -webkit-box-align: center;
  -ms-flex-align: center;
  align-items: center;
  -webkit-box-pack: center;
  -webkit-justify-content: center;
  -ms-flex-pack: center;
  justify-content: center;
}

.c11 span svg {
  font-size: 1.2rem;
  margin-right: 8px;
}

.c0 {
  position: absolute;
  width: 100%;
  overflow: hidden;
  height: 100%;
}

<main
  class="c0"
  data-testid="main"
  id="main"
>
  <section
    class="c1"
  >
    <video
      autoplay=""
      class="c2"
      loop=""
    >
      <source
        src="/bg-video.mp4"
        type="video/mp4"
      />
    </video>
    <img
      alt="Um desenvolvedor de frente para um tela com código."
      class="c3"
      src="/images/perfil_b.png"
    />
    <div
      class="c4"
    >
      <h3
        class="c5"
      >
        FALA GALERA!
      </h3>
      <div
        class="c6"
      >
        <h1
          class="c7"
        >
          SOU
        </h1>
        <span
          class="c8"
          id="test-span"
        >
          <div
            class="Typewriter"
            data-testid="typewriter-wrapper"
          >
            <span
              class="Typewriter__wrapper"
            />
            <span
              class="Typewriter__cursor"
            >
              |
            </span>
          </div>
        </span>
      </div>
      <p
        class="c9"
      >
        <span>
          Im a Freelance UI /UX Designer and Developer based in London, England.
          <br />
          I strives to build immersive and beautiful web applications through carefully crafted code and user - centric design.
        </span>
      </p>
      <a
        class="c10"
        color="#FFF"
      >
        <span>
          <svg
            fill="currentColor"
            height="1em"
            stroke="currentColor"
            stroke-width="0"
            viewBox="0 0 512 512"
            width="1em"
            xmlns="http://www.w3.org/2000/svg"
          >
            <path
              d="M256 288c79.5 0 144-64.5 144-144S335.5 0 256 0 112 64.5 112 144s64.5 144 144 144zm128 32h-55.1c-22.2 10.2-46.9 16-72.9 16s-50.6-5.8-72.9-16H128C57.3 320 0 377.3 0 448v16c0 26.5 21.5 48 48 48h416c26.5 0 48-21.5 48-48v-16c0-70.7-57.3-128-128-128z"
            />
          </svg>
          MAIS SOBRE MIM
        </span>
      </a>
      <a
        class="c11"
        color="#fa5b0f"
      >
        <span>
          <svg
            fill="currentColor"
            height="1em"
            stroke="currentColor"
            stroke-width="0"
            viewBox="0 0 512 512"
            width="1em"
            xmlns="http://www.w3.org/2000/svg"
          >
            <path
              d="M320 336c0 8.84-7.16 16-16 16h-96c-8.84 0-16-7.16-16-16v-48H0v144c0 25.6 22.4 48 48 48h416c25.6 0 48-22.4 48-48V288H320v48zm144-208h-80V80c0-25.6-22.4-48-48-48H176c-25.6 0-48 22.4-48 48v48H48c-25.6 0-48 22.4-48 48v80h512v-80c0-25.6-22.4-48-48-48zm-144 0H192V96h128v32z"
            />
          </svg>
          PORTFÓLIO
        </span>
      </a>
    </div>
  </section>
</main>
`
